\BOOKMARK [1][-]{section*.2}{\376\377\000I\000n\000t\000r\000o\000d\000u\000c\000t\000i\000o\000n}{}% 1
\BOOKMARK [1][-]{section.1}{\376\377\000\247\000\040\0001\000.\000\040\000S\000e\000m\000i\000s\000i\000m\000p\000l\000e\000\040\000a\000l\000g\000e\000b\000r\000a\000s}{}% 2
\BOOKMARK [1][-]{section.2}{\376\377\000\247\000\040\0002\000.\000\040\000T\000h\000e\000\040\000A\000r\000t\000i\000n\040\023\000W\000e\000d\000d\000e\000r\000b\000u\000r\000n\000\040\000t\000h\000e\000o\000r\000e\000m\000\040\000f\000o\000r\000\040\000a\000l\000g\000e\000b\000r\000a\000s}{}% 3
\BOOKMARK [1][-]{section.3}{\376\377\000\247\000\040\0003\000.\000\040\000S\000i\000m\000p\000l\000e\000\040\000a\000l\000g\000e\000b\000r\000a\000s}{}% 4
\BOOKMARK [1][-]{section.4}{\376\377\000\247\000\040\0004\000.\000\040\000W\000e\000d\000d\000e\000r\000b\000u\000r\000n\000'\000s\000\040\000t\000h\000e\000o\000r\000e\000m\000\040\000f\000o\000r\000\040\000a\000l\000g\000e\000b\000r\000a\000s}{}% 5
\BOOKMARK [1][-]{section.5}{\376\377\000\247\000\040\0005\000.\000\040\000K\000o\000l\000c\000h\000i\000n\000'\000s\000\040\000t\000h\000e\000o\000r\000e\000m}{}% 6
\BOOKMARK [1][-]{section.6}{\376\377\000\247\000\040\0006\000.\000\040\000P\000r\000i\000m\000i\000t\000i\000v\000e\000\040\000r\000i\000n\000g\000s}{}% 7
\BOOKMARK [1][-]{section.7}{\376\377\000\247\000\040\0007\000.\000\040\000J\000a\000c\000o\000b\000s\000o\000n\000'\000s\000\040\000r\000a\000d\000i\000c\000a\000l}{}% 8
\BOOKMARK [1][-]{section.8}{\376\377\000\247\000\040\0008\000.\000\040\000R\000a\000d\000i\000c\000a\000l\000\040\000r\000i\000n\000g\000s}{}% 9
\BOOKMARK [1][-]{section.9}{\376\377\000\247\000\040\0009\000.\000\040\000H\000e\000n\000r\000i\000k\000s\000e\000n\000'\000s\000\040\000t\000h\000e\000o\000r\000e\000m}{}% 10
\BOOKMARK [1][-]{section.10}{\376\377\000\247\000\040\0001\0000\000.\000\040\000A\000m\000i\000t\000s\000u\000r\000'\000s\000\040\000t\000h\000e\000o\000r\000e\000m}{}% 11
\BOOKMARK [1][-]{section.11}{\376\377\000\247\000\040\0001\0001\000.\000\040\000J\000a\000c\000o\000b\000s\000o\000n\000'\000s\000\040\000c\000o\000n\000j\000e\000c\000t\000u\000r\000e}{}% 12
\BOOKMARK [1][-]{section.12}{\376\377\000\247\000\040\0001\0002\000.\000\040\000K\000\366\000t\000h\000e\000'\000s\000\040\000c\000o\000n\000j\000e\000c\000t\000u\000r\000e}{}% 13
\BOOKMARK [1][-]{section.13}{\376\377\000\247\000\040\0001\0003\000.\000\040\000G\000i\000l\000m\000e\000r\000'\000s\000\040\000t\000h\000e\000o\000r\000e\000m}{}% 14
\BOOKMARK [1][-]{section.14}{\376\377\000\247\000\040\0001\0004\000.\000\040\000A\000r\000t\000i\000n\000i\000a\000n\000\040\000m\000o\000d\000u\000l\000e\000s}{}% 15
\BOOKMARK [1][-]{section.15}{\376\377\000\247\000\040\0001\0005\000.\000\040\000T\000h\000e\000\040\000J\000o\000r\000d\000a\000n\040\023\000H\000\366\000l\000d\000e\000r\000\040\000t\000h\000e\000o\000r\000e\000m}{}% 16
\BOOKMARK [1][-]{section.16}{\376\377\000\247\000\040\0001\0006\000.\000\040\000A\000k\000i\000z\000u\000k\000i\000'\000s\000\040\000t\000h\000e\000o\000r\000e\000m}{}% 17
\BOOKMARK [1][-]{section.17}{\376\377\000\247\000\040\0001\0007\000.\000\040\000S\000e\000m\000i\000p\000r\000i\000m\000i\000t\000i\000v\000e\000\040\000r\000i\000n\000g\000s}{}% 18
\BOOKMARK [1][-]{section.18}{\376\377\000\247\000\040\0001\0008\000.\000\040\000J\000a\000c\000o\000b\000s\000o\000n\000'\000s\000\040\000d\000e\000n\000s\000i\000t\000y\000\040\000t\000h\000e\000o\000r\000e\000m}{}% 19
\BOOKMARK [1][-]{section.19}{\376\377\000\247\000\040\0001\0009\000.\000\040\000P\000r\000i\000m\000e\000\040\000r\000i\000n\000g\000s}{}% 20
\BOOKMARK [1][-]{section.20}{\376\377\000\247\000\040\0002\0000\000.\000\040\000T\000w\000o\000\040\000t\000h\000e\000o\000r\000e\000m\000s\000\040\000o\000f\000\040\000C\000o\000n\000n\000e\000l}{}% 21
\BOOKMARK [1][-]{section.21}{\376\377\000\247\000\040\0002\0001\000.\000\040\000W\000e\000d\000d\000e\000r\000b\000u\000r\000n\000'\000s\000\040\000t\000h\000e\000o\000r\000e\000m}{}% 22
\BOOKMARK [1][-]{section.22}{\376\377\000\247\000\040\0002\0002\000.\000\040\000T\000h\000e\000\040\000A\000r\000t\000i\000n\040\023\000W\000e\000d\000d\000e\000r\000b\000u\000r\000n\000\040\000t\000h\000e\000o\000r\000e\000m\000\040\000f\000o\000r\000\040\000r\000i\000n\000g\000s}{}% 23
\BOOKMARK [1][-]{section.23}{\376\377\000\247\000\040\0002\0003\000.\000\040\000S\000e\000m\000i\000s\000i\000m\000p\000l\000e\000\040\000m\000o\000d\000u\000l\000e\000s}{}% 24
\BOOKMARK [1][-]{section.24}{\376\377\000\247\000\040\0002\0004\000.\000\040\000T\000h\000e\000\040\000H\000o\000p\000k\000i\000n\000s\040\023\000L\000e\000v\000i\000t\000z\000k\000i\000\040\000t\000h\000e\000o\000r\000e\000m}{}% 25
\BOOKMARK [1][-]{section.25}{\376\377\000\247\000\040\0002\0005\000.\000\040\000G\000r\000o\000u\000p\000\040\000a\000l\000g\000e\000b\000r\000a\000s}{}% 26
\BOOKMARK [1][-]{section.26}{\376\377\000\247\000\040\0002\0006\000.\000\040\000W\000h\000i\000c\000h\000\040\000a\000l\000g\000e\000b\000r\000a\000s\000\040\000a\000r\000e\000\040\000g\000r\000o\000u\000p\000\040\000a\000l\000g\000e\000b\000r\000a\000s\000?}{}% 27
\BOOKMARK [1][-]{section.27}{\376\377\000\247\000\040\0002\0007\000.\000\040\000T\000h\000e\000\040\000i\000s\000o\000m\000o\000r\000p\000h\000i\000s\000m\000\040\000p\000r\000o\000b\000l\000e\000m\000\040\000f\000o\000r\000\040\000g\000r\000o\000u\000p\000\040\000a\000l\000g\000e\000b\000r\000a\000s}{}% 28
\BOOKMARK [1][-]{section.28}{\376\377\000\247\000\040\0002\0008\000.\000\040\000R\000i\000c\000k\000a\000r\000t\000'\000s\000\040\000t\000h\000e\000o\000r\000e\000m}{}% 29
\BOOKMARK [1][-]{section.29}{\376\377\000\247\000\040\0002\0009\000.\000\040\000A\000n\000o\000t\000h\000e\000r\000\040\000p\000r\000o\000o\000f\000\040\000o\000f\000\040\000R\000i\000c\000k\000a\000r\000t\000'\000s\000\040\000t\000h\000e\000o\000r\000e\000m}{}% 30
\BOOKMARK [1][-]{section.30}{\376\377\000\247\000\040\0003\0000\000.\000\040\000M\000a\000s\000c\000h\000k\000e\000'\000s\000\040\000t\000h\000e\000o\000r\000e\000m}{}% 31
\BOOKMARK [1][-]{section.31}{\376\377\000\247\000\040\0003\0001\000.\000\040\000H\000e\000r\000s\000t\000e\000i\000n\000'\000s\000\040\000t\000h\000e\000o\000r\000e\000m}{}% 32
\BOOKMARK [1][-]{section.32}{\376\377\000\247\000\040\0003\0002\000.\000\040\000F\000o\000r\000m\000a\000n\000e\000k\000'\000s\000\040\000t\000h\000e\000o\000r\000e\000m\000,\000\040\000I}{}% 33
\BOOKMARK [1][-]{section.33}{\376\377\000\247\000\040\0003\0003\000.\000\040\000T\000e\000n\000s\000o\000r\000\040\000p\000r\000o\000d\000u\000c\000t\000s}{}% 34
\BOOKMARK [1][-]{section.34}{\376\377\000\247\000\040\0003\0004\000.\000\040\000F\000o\000r\000m\000a\000n\000e\000k\000'\000s\000\040\000t\000h\000e\000o\000r\000e\000m\000,\000\040\000I\000I}{}% 35
\BOOKMARK [1][-]{section.35}{\376\377\000\247\000\040\0003\0005\000.\000\040\000P\000a\000s\000s\000m\000a\000n\000'\000s\000\040\000t\000h\000e\000o\000r\000e\000m}{}% 36
\BOOKMARK [1][-]{section.36}{\376\377\000\247\000\040\0003\0006\000.\000\040\000B\000i\000-\000o\000r\000d\000e\000r\000e\000d\000\040\000g\000r\000o\000u\000p\000s}{}% 37
\BOOKMARK [1][-]{section.37}{\376\377\000\247\000\040\0003\0007\000.\000\040\000L\000e\000f\000t\000-\000o\000r\000d\000e\000r\000e\000d\000\040\000g\000r\000o\000u\000p\000s}{}% 38
\BOOKMARK [1][-]{section.38}{\376\377\000\247\000\040\0003\0008\000.\000\040\000U\000n\000i\000q\000u\000e\000\040\000p\000r\000o\000d\000u\000c\000t\000\040\000g\000r\000o\000u\000p\000s}{}% 39
\BOOKMARK [1][-]{section.39}{\376\377\000\247\000\040\0003\0009\000.\000\040\000D\000i\000f\000f\000u\000s\000e\000\040\000g\000r\000o\000u\000p\000s}{}% 40
\BOOKMARK [1][-]{section.40}{\376\377\000\247\000\040\0004\0000\000.\000\040\000L\000o\000c\000a\000l\000\040\000r\000i\000n\000g\000s}{}% 41
\BOOKMARK [1][-]{section.41}{\376\377\000\247\000\040\0004\0001\000.\000\040\000G\000u\000s\000t\000a\000f\000s\000o\000n\000'\000s\000\040\000t\000h\000e\000o\000r\000e\000m}{}% 42
\BOOKMARK [1][-]{section.42}{\376\377\000\247\000\040\0004\0002\000.\000\040\000S\000c\000h\000u\000r\000'\000s\000\040\000t\000h\000e\000o\000r\000e\000m}{}% 43
\BOOKMARK [1][-]{section.43}{\376\377\000\247\000\040\0004\0003\000.\000\040\000W\000e\000d\000d\000e\000r\000b\000u\000r\000n\000'\000s\000\040\000l\000i\000t\000t\000l\000e\000\040\000t\000h\000e\000o\000r\000e\000m}{}% 44
\BOOKMARK [1][-]{section.44}{\376\377\000\247\000\040\0004\0004\000.\000\040\000Z\000s\000i\000g\000m\000o\000n\000d\000y\000'\000s\000\040\000t\000h\000e\000o\000r\000e\000m}{}% 45
\BOOKMARK [1][-]{section.45}{\376\377\000\247\000\040\0004\0005\000.\000\040\000F\000e\000r\000m\000a\000t\000'\000s\000\040\000l\000a\000s\000t\000\040\000t\000h\000e\000o\000r\000e\000m\000\040\000i\000n\000\040\000f\000i\000n\000i\000t\000e\000\040\000r\000i\000n\000g\000s}{}% 46
\BOOKMARK [1][-]{section.46}{\376\377\000\247\000\040\0004\0006\000.\000\040\000F\000r\000o\000b\000e\000n\000i\000u\000s\000'\000s\000\040\000t\000h\000e\000o\000r\000e\000m}{}% 47
\BOOKMARK [1][-]{section.47}{\376\377\000\247\000\040\0004\0007\000.\000\040\000J\000a\000c\000o\000b\000s\000o\000n\000'\000s\000\040\000c\000o\000m\000m\000u\000t\000a\000t\000i\000v\000i\000t\000y\000\040\000t\000h\000e\000o\000r\000e\000m}{}% 48
\BOOKMARK [1][-]{section*.6}{\376\377\000L\000i\000s\000t\000\040\000o\000f\000\040\000p\000r\000o\000j\000e\000c\000t\000s}{}% 49
\BOOKMARK [1][-]{section*.7}{\376\377\000R\000e\000f\000e\000r\000e\000n\000c\000e\000s}{}% 50
